*** EVALUATION ***
PROGRAM "C:\Users\chajmart\Desktop\elevator-simulation-master\project\bin\Project.abs"

*********************************************************************************************
TARGET SECTION
---------------------------------------------------------------------------------------------
Processor   : Freescale HC12
Memory Model: SMALL
File Format : ELF\DWARF 2.0
Linker      : SmartLinker V-5.0.40 Build 10203, Jul 23 2010

*********************************************************************************************
FILE SECTION
---------------------------------------------------------------------------------------------
lcddisp.c.o                             Model: SMALL,         Lang: ANSI-C
mc9s12e128.c.o                          Model: SMALL,         Lang: ANSI-C
potentiometer.c.o                       Model: SMALL,         Lang: ANSI-C
main.asm.o                              Model: SMALL,         Lang: Assembler
LCD.asm.o                               Model: SMALL,         Lang: Assembler
keypad.asm.o                            Model: SMALL,         Lang: Assembler
keypad_output.asm.o                     Model: SMALL,         Lang: Assembler
LED.asm.o                               Model: SMALL,         Lang: Assembler
LCD_LOC.asm.o                           Model: SMALL,         Lang: Assembler
DATE_TIME.asm.o                         Model: SMALL,         Lang: Assembler
ADMIN.asm.o                             Model: SMALL,         Lang: Assembler
SECRET.asm.o                            Model: SMALL,         Lang: Assembler
MENU_SETUP.asm.o                        Model: SMALL,         Lang: Assembler
SubMenus.asm.o                          Model: SMALL,         Lang: Assembler
INTIALIZE_PORTS.asm.o                   Model: SMALL,         Lang: Assembler
pot_meter.asm.o                         Model: SMALL,         Lang: Assembler
INFO_MENUS.asm.o                        Model: SMALL,         Lang: Assembler
stepper_motor.asm.o                     Model: SMALL,         Lang: Assembler
sound.asm.o                             Model: SMALL,         Lang: Assembler
SendsChr.c.o                            Model: SMALL,         Lang: ANSI-C
ELEVATOR_FLOORS.asm.o                   Model: SMALL,         Lang: Assembler

*********************************************************************************************
STARTUP SECTION
---------------------------------------------------------------------------------------------
Entry point: 0xC000 (_Startup)

*********************************************************************************************
SECTION-ALLOCATION SECTION
Section Name                    Size  Type     From       To       Segment
---------------------------------------------------------------------------------------------
.init                            387     R     0xC000     0xC182   ROM_C000
.text                            301     R     0xC183     0xC2AF   ROM_C000
.stack                           256   R/W      0x400      0x4FF   RAM
.abs_section_8                     1   N/I        0x8        0x8   .absSeg0
.abs_section_9                     1   N/I        0x9        0x9   .absSeg1
.abs_section_a                     1   N/I        0xA        0xA   .absSeg2
.abs_section_b                     1   N/I        0xB        0xB   .absSeg3
.abs_section_c                     1   N/I        0xC        0xC   .absSeg4
.abs_section_d                     1   N/I        0xD        0xD   .absSeg5
.abs_section_e                     1   N/I        0xE        0xE   .absSeg6
.abs_section_10                    1   N/I       0x10       0x10   .absSeg7
.abs_section_11                    1   N/I       0x11       0x11   .absSeg8
.abs_section_13                    1   N/I       0x13       0x13   .absSeg9
.abs_section_15                    1   N/I       0x15       0x15   .absSeg10
.abs_section_16                    1   N/I       0x16       0x16   .absSeg11
.abs_section_19                    1   N/I       0x19       0x19   .absSeg12
.abs_section_1c                    1   N/I       0x1C       0x1C   .absSeg13
.abs_section_1d                    1   N/I       0x1D       0x1D   .absSeg14
.abs_section_1e                    1   N/I       0x1E       0x1E   .absSeg15
.abs_section_1f                    1   N/I       0x1F       0x1F   .absSeg16
.abs_section_20                    1   N/I       0x20       0x20   .absSeg17
.abs_section_21                    1   N/I       0x21       0x21   .absSeg18
.abs_section_24                    1   N/I       0x24       0x24   .absSeg19
.abs_section_25                    1   N/I       0x25       0x25   .absSeg20
.abs_section_28                    1   N/I       0x28       0x28   .absSeg21
.abs_section_29                    1   N/I       0x29       0x29   .absSeg22
.abs_section_2a                    1   N/I       0x2A       0x2A   .absSeg23
.abs_section_2d                    1   N/I       0x2D       0x2D   .absSeg24
.abs_section_30                    1   N/I       0x30       0x30   .absSeg25
.abs_section_32                    1   N/I       0x32       0x32   .absSeg26
.abs_section_33                    1   N/I       0x33       0x33   .absSeg27
.abs_section_34                    1   N/I       0x34       0x34   .absSeg28
.abs_section_35                    1   N/I       0x35       0x35   .absSeg29
.abs_section_37                    1   N/I       0x37       0x37   .absSeg30
.abs_section_38                    1   N/I       0x38       0x38   .absSeg31
.abs_section_39                    1   N/I       0x39       0x39   .absSeg32
.abs_section_3a                    1   N/I       0x3A       0x3A   .absSeg33
.abs_section_3b                    1   N/I       0x3B       0x3B   .absSeg34
.abs_section_3c                    1   N/I       0x3C       0x3C   .absSeg35
.abs_section_3f                    1   N/I       0x3F       0x3F   .absSeg36
.abs_section_40                    1   N/I       0x40       0x40   .absSeg37
.abs_section_41                    1   N/I       0x41       0x41   .absSeg38
.abs_section_42                    1   N/I       0x42       0x42   .absSeg39
.abs_section_43                    1   N/I       0x43       0x43   .absSeg40
.abs_section_46                    1   N/I       0x46       0x46   .absSeg41
.abs_section_47                    1   N/I       0x47       0x47   .absSeg42
.abs_section_48                    1   N/I       0x48       0x48   .absSeg43
.abs_section_4a                    1   N/I       0x4A       0x4A   .absSeg44
.abs_section_4c                    1   N/I       0x4C       0x4C   .absSeg45
.abs_section_4d                    1   N/I       0x4D       0x4D   .absSeg46
.abs_section_4e                    1   N/I       0x4E       0x4E   .absSeg47
.abs_section_4f                    1   N/I       0x4F       0x4F   .absSeg48
.abs_section_60                    1   N/I       0x60       0x60   .absSeg49
.abs_section_61                    1   N/I       0x61       0x61   .absSeg50
.abs_section_86                    1   N/I       0x86       0x86   .absSeg51
.abs_section_89                    1   N/I       0x89       0x89   .absSeg52
.abs_section_8a                    1   N/I       0x8A       0x8A   .absSeg53
.abs_section_8b                    1   N/I       0x8B       0x8B   .absSeg54
.abs_section_8e                    1   N/I       0x8E       0x8E   .absSeg55
.abs_section_8f                    1   N/I       0x8F       0x8F   .absSeg56
.abs_section_ca                    1   N/I       0xCA       0xCA   .absSeg57
.abs_section_cb                    1   N/I       0xCB       0xCB   .absSeg58
.abs_section_cc                    1   N/I       0xCC       0xCC   .absSeg59
.abs_section_cd                    1   N/I       0xCD       0xCD   .absSeg60
.abs_section_ce                    1   N/I       0xCE       0xCE   .absSeg61
.abs_section_cf                    1   N/I       0xCF       0xCF   .absSeg62
.abs_section_d2                    1   N/I       0xD2       0xD2   .absSeg63
.abs_section_d3                    1   N/I       0xD3       0xD3   .absSeg64
.abs_section_d4                    1   N/I       0xD4       0xD4   .absSeg65
.abs_section_d5                    1   N/I       0xD5       0xD5   .absSeg66
.abs_section_d6                    1   N/I       0xD6       0xD6   .absSeg67
.abs_section_d7                    1   N/I       0xD7       0xD7   .absSeg68
.abs_section_d8                    1   N/I       0xD8       0xD8   .absSeg69
.abs_section_d9                    1   N/I       0xD9       0xD9   .absSeg70
.abs_section_da                    1   N/I       0xDA       0xDA   .absSeg71
.abs_section_db                    1   N/I       0xDB       0xDB   .absSeg72
.abs_section_dd                    1   N/I       0xDD       0xDD   .absSeg73
.abs_section_e0                    1   N/I       0xE0       0xE0   .absSeg74
.abs_section_e1                    1   N/I       0xE1       0xE1   .absSeg75
.abs_section_e2                    1   N/I       0xE2       0xE2   .absSeg76
.abs_section_e3                    1   N/I       0xE3       0xE3   .absSeg77
.abs_section_e4                    1   N/I       0xE4       0xE4   .absSeg78
.abs_section_ea                    1   N/I       0xEA       0xEA   .absSeg79
.abs_section_eb                    1   N/I       0xEB       0xEB   .absSeg80
.abs_section_ec                    1   N/I       0xEC       0xEC   .absSeg81
.abs_section_ed                    1   N/I       0xED       0xED   .absSeg82
.abs_section_ee                    1   N/I       0xEE       0xEE   .absSeg83
.abs_section_ef                    1   N/I       0xEF       0xEF   .absSeg84
.abs_section_f0                    1   N/I       0xF0       0xF0   .absSeg85
.abs_section_f2                    1   N/I       0xF2       0xF2   .absSeg86
.abs_section_f3                    1   N/I       0xF3       0xF3   .absSeg87
.abs_section_f4                    1   N/I       0xF4       0xF4   .absSeg88
.abs_section_f6                    1   N/I       0xF6       0xF6   .absSeg89
.abs_section_f7                    1   N/I       0xF7       0xF7   .absSeg90
.abs_section_100                   1   N/I      0x100      0x100   .absSeg91
.abs_section_101                   1   N/I      0x101      0x101   .absSeg92
.abs_section_103                   1   N/I      0x103      0x103   .absSeg93
.abs_section_104                   1   N/I      0x104      0x104   .absSeg94
.abs_section_105                   1   N/I      0x105      0x105   .absSeg95
.abs_section_106                   1   N/I      0x106      0x106   .absSeg96
.abs_section_140                   1   N/I      0x140      0x140   .absSeg97
.abs_section_141                   1   N/I      0x141      0x141   .absSeg98
.abs_section_142                   1   N/I      0x142      0x142   .absSeg99
.abs_section_143                   1   N/I      0x143      0x143   .absSeg100
.abs_section_146                   1   N/I      0x146      0x146   .absSeg101
.abs_section_147                   1   N/I      0x147      0x147   .absSeg102
.abs_section_148                   1   N/I      0x148      0x148   .absSeg103
.abs_section_14a                   1   N/I      0x14A      0x14A   .absSeg104
.abs_section_14c                   1   N/I      0x14C      0x14C   .absSeg105
.abs_section_14d                   1   N/I      0x14D      0x14D   .absSeg106
.abs_section_14e                   1   N/I      0x14E      0x14E   .absSeg107
.abs_section_14f                   1   N/I      0x14F      0x14F   .absSeg108
.abs_section_160                   1   N/I      0x160      0x160   .absSeg109
.abs_section_161                   1   N/I      0x161      0x161   .absSeg110
.abs_section_180                   1   N/I      0x180      0x180   .absSeg111
.abs_section_181                   1   N/I      0x181      0x181   .absSeg112
.abs_section_182                   1   N/I      0x182      0x182   .absSeg113
.abs_section_183                   1   N/I      0x183      0x183   .absSeg114
.abs_section_186                   1   N/I      0x186      0x186   .absSeg115
.abs_section_187                   1   N/I      0x187      0x187   .absSeg116
.abs_section_188                   1   N/I      0x188      0x188   .absSeg117
.abs_section_18a                   1   N/I      0x18A      0x18A   .absSeg118
.abs_section_18c                   1   N/I      0x18C      0x18C   .absSeg119
.abs_section_18d                   1   N/I      0x18D      0x18D   .absSeg120
.abs_section_18e                   1   N/I      0x18E      0x18E   .absSeg121
.abs_section_18f                   1   N/I      0x18F      0x18F   .absSeg122
.abs_section_1a0                   1   N/I      0x1A0      0x1A0   .absSeg123
.abs_section_1a1                   1   N/I      0x1A1      0x1A1   .absSeg124
.abs_section_1e0                   1   N/I      0x1E0      0x1E0   .absSeg125
.abs_section_1e1                   1   N/I      0x1E1      0x1E1   .absSeg126
.abs_section_1e2                   1   N/I      0x1E2      0x1E2   .absSeg127
.abs_section_1e3                   1   N/I      0x1E3      0x1E3   .absSeg128
.abs_section_1e4                   1   N/I      0x1E4      0x1E4   .absSeg129
.abs_section_1e5                   1   N/I      0x1E5      0x1E5   .absSeg130
.abs_section_1e8                   1   N/I      0x1E8      0x1E8   .absSeg131
.abs_section_1e9                   1   N/I      0x1E9      0x1E9   .absSeg132
.abs_section_1fe                   1   N/I      0x1FE      0x1FE   .absSeg133
.abs_section_200                   1   N/I      0x200      0x200   .absSeg134
.abs_section_201                   1   N/I      0x201      0x201   .absSeg135
.abs_section_202                   1   N/I      0x202      0x202   .absSeg136
.abs_section_203                   1   N/I      0x203      0x203   .absSeg137
.abs_section_204                   1   N/I      0x204      0x204   .absSeg138
.abs_section_205                   1   N/I      0x205      0x205   .absSeg139
.abs_section_206                   1   N/I      0x206      0x206   .absSeg140
.abs_section_207                   1   N/I      0x207      0x207   .absSeg141
.abs_section_208                   1   N/I      0x208      0x208   .absSeg142
.abs_section_209                   1   N/I      0x209      0x209   .absSeg143
.abs_section_20a                   1   N/I      0x20A      0x20A   .absSeg144
.abs_section_20c                   1   N/I      0x20C      0x20C   .absSeg145
.abs_section_20d                   1   N/I      0x20D      0x20D   .absSeg146
.abs_section_20e                   1   N/I      0x20E      0x20E   .absSeg147
.abs_section_20f                   1   N/I      0x20F      0x20F   .absSeg148
.abs_section_220                   1   N/I      0x220      0x220   .absSeg149
.abs_section_221                   1   N/I      0x221      0x221   .absSeg150
.abs_section_228                   1   N/I      0x228      0x228   .absSeg151
.abs_section_229                   1   N/I      0x229      0x229   .absSeg152
.abs_section_230                   1   N/I      0x230      0x230   .absSeg153
.abs_section_231                   1   N/I      0x231      0x231   .absSeg154
.abs_section_240                   1   N/I      0x240      0x240   .absSeg155
.abs_section_241                   1   N/I      0x241      0x241   .absSeg156
.abs_section_242                   1   N/I      0x242      0x242   .absSeg157
.abs_section_243                   1   N/I      0x243      0x243   .absSeg158
.abs_section_244                   1   N/I      0x244      0x244   .absSeg159
.abs_section_245                   1   N/I      0x245      0x245   .absSeg160
.abs_section_248                   1   N/I      0x248      0x248   .absSeg161
.abs_section_249                   1   N/I      0x249      0x249   .absSeg162
.abs_section_24a                   1   N/I      0x24A      0x24A   .absSeg163
.abs_section_24b                   1   N/I      0x24B      0x24B   .absSeg164
.abs_section_24c                   1   N/I      0x24C      0x24C   .absSeg165
.abs_section_24d                   1   N/I      0x24D      0x24D   .absSeg166
.abs_section_24e                   1   N/I      0x24E      0x24E   .absSeg167
.abs_section_250                   1   N/I      0x250      0x250   .absSeg168
.abs_section_251                   1   N/I      0x251      0x251   .absSeg169
.abs_section_252                   1   N/I      0x252      0x252   .absSeg170
.abs_section_253                   1   N/I      0x253      0x253   .absSeg171
.abs_section_254                   1   N/I      0x254      0x254   .absSeg172
.abs_section_255                   1   N/I      0x255      0x255   .absSeg173
.abs_section_256                   1   N/I      0x256      0x256   .absSeg174
.abs_section_258                   1   N/I      0x258      0x258   .absSeg175
.abs_section_259                   1   N/I      0x259      0x259   .absSeg176
.abs_section_25a                   1   N/I      0x25A      0x25A   .absSeg177
.abs_section_25b                   1   N/I      0x25B      0x25B   .absSeg178
.abs_section_25c                   1   N/I      0x25C      0x25C   .absSeg179
.abs_section_25d                   1   N/I      0x25D      0x25D   .absSeg180
.abs_section_260                   1   N/I      0x260      0x260   .absSeg181
.abs_section_261                   1   N/I      0x261      0x261   .absSeg182
.abs_section_262                   1   N/I      0x262      0x262   .absSeg183
.abs_section_263                   1   N/I      0x263      0x263   .absSeg184
.abs_section_264                   1   N/I      0x264      0x264   .absSeg185
.abs_section_265                   1   N/I      0x265      0x265   .absSeg186
.abs_section_268                   1   N/I      0x268      0x268   .absSeg187
.abs_section_269                   1   N/I      0x269      0x269   .absSeg188
.abs_section_26a                   1   N/I      0x26A      0x26A   .absSeg189
.abs_section_26b                   1   N/I      0x26B      0x26B   .absSeg190
.abs_section_26c                   1   N/I      0x26C      0x26C   .absSeg191
.abs_section_26d                   1   N/I      0x26D      0x26D   .absSeg192
.abs_section_26e                   1   N/I      0x26E      0x26E   .absSeg193
.abs_section_0                     2   N/I        0x0        0x1   .absSeg194
.abs_section_2                     2   N/I        0x2        0x3   .absSeg195
.abs_section_1a                    2   N/I       0x1A       0x1B   .absSeg196
.abs_section_22                    2   N/I       0x22       0x23   .absSeg197
.abs_section_26                    2   N/I       0x26       0x27   .absSeg198
.abs_section_2b                    2   N/I       0x2B       0x2C   .absSeg199
.abs_section_2e                    2   N/I       0x2E       0x2F   .absSeg200
.abs_section_44                    2   N/I       0x44       0x45   .absSeg201
.abs_section_58                    2   N/I       0x58       0x59   .absSeg202
.abs_section_5a                    2   N/I       0x5A       0x5B   .absSeg203
.abs_section_5c                    2   N/I       0x5C       0x5D   .absSeg204
.abs_section_5e                    2   N/I       0x5E       0x5F   .absSeg205
.abs_section_62                    2   N/I       0x62       0x63   .absSeg206
.abs_section_82                    2   N/I       0x82       0x83   .absSeg207
.abs_section_84                    2   N/I       0x84       0x85   .absSeg208
.abs_section_8c                    2   N/I       0x8C       0x8D   .absSeg209
.abs_section_90                    2   N/I       0x90       0x91   .absSeg210
.abs_section_92                    2   N/I       0x92       0x93   .absSeg211
.abs_section_94                    2   N/I       0x94       0x95   .absSeg212
.abs_section_96                    2   N/I       0x96       0x97   .absSeg213
.abs_section_98                    2   N/I       0x98       0x99   .absSeg214
.abs_section_9a                    2   N/I       0x9A       0x9B   .absSeg215
.abs_section_9c                    2   N/I       0x9C       0x9D   .absSeg216
.abs_section_9e                    2   N/I       0x9E       0x9F   .absSeg217
.abs_section_a0                    2   N/I       0xA0       0xA1   .absSeg218
.abs_section_a2                    2   N/I       0xA2       0xA3   .absSeg219
.abs_section_a4                    2   N/I       0xA4       0xA5   .absSeg220
.abs_section_a6                    2   N/I       0xA6       0xA7   .absSeg221
.abs_section_a8                    2   N/I       0xA8       0xA9   .absSeg222
.abs_section_aa                    2   N/I       0xAA       0xAB   .absSeg223
.abs_section_ac                    2   N/I       0xAC       0xAD   .absSeg224
.abs_section_ae                    2   N/I       0xAE       0xAF   .absSeg225
.abs_section_c8                    2   N/I       0xC8       0xC9   .absSeg226
.abs_section_d0                    2   N/I       0xD0       0xD1   .absSeg227
.abs_section_e8                    2   N/I       0xE8       0xE9   .absSeg228
.abs_section_144                   2   N/I      0x144      0x145   .absSeg229
.abs_section_158                   2   N/I      0x158      0x159   .absSeg230
.abs_section_15a                   2   N/I      0x15A      0x15B   .absSeg231
.abs_section_15c                   2   N/I      0x15C      0x15D   .absSeg232
.abs_section_15e                   2   N/I      0x15E      0x15F   .absSeg233
.abs_section_162                   2   N/I      0x162      0x163   .absSeg234
.abs_section_184                   2   N/I      0x184      0x185   .absSeg235
.abs_section_198                   2   N/I      0x198      0x199   .absSeg236
.abs_section_19a                   2   N/I      0x19A      0x19B   .absSeg237
.abs_section_19c                   2   N/I      0x19C      0x19D   .absSeg238
.abs_section_19e                   2   N/I      0x19E      0x19F   .absSeg239
.abs_section_1a2                   2   N/I      0x1A2      0x1A3   .absSeg240
.abs_section_1ec                   2   N/I      0x1EC      0x1ED   .absSeg241
.abs_section_1ee                   2   N/I      0x1EE      0x1EF   .absSeg242
.abs_section_1f0                   2   N/I      0x1F0      0x1F1   .absSeg243
.abs_section_1f2                   2   N/I      0x1F2      0x1F3   .absSeg244
.abs_section_1f4                   2   N/I      0x1F4      0x1F5   .absSeg245
.abs_section_1f6                   2   N/I      0x1F6      0x1F7   .absSeg246
.abs_section_1f8                   2   N/I      0x1F8      0x1F9   .absSeg247
.abs_section_1fa                   2   N/I      0x1FA      0x1FB   .absSeg248
.abs_section_1fc                   2   N/I      0x1FC      0x1FD   .absSeg249
.abs_section_210                   2   N/I      0x210      0x211   .absSeg250
.abs_section_212                   2   N/I      0x212      0x213   .absSeg251
.abs_section_214                   2   N/I      0x214      0x215   .absSeg252
.abs_section_216                   2   N/I      0x216      0x217   .absSeg253
.abs_section_218                   2   N/I      0x218      0x219   .absSeg254
.abs_section_21a                   2   N/I      0x21A      0x21B   .absSeg255
.abs_section_222                   2   N/I      0x222      0x223   .absSeg256
.abs_section_224                   2   N/I      0x224      0x225   .absSeg257
.abs_section_226                   2   N/I      0x226      0x227   .absSeg258
.abs_section_22a                   2   N/I      0x22A      0x22B   .absSeg259
.abs_section_22c                   2   N/I      0x22C      0x22D   .absSeg260
.abs_section_22e                   2   N/I      0x22E      0x22F   .absSeg261
.abs_section_232                   2   N/I      0x232      0x233   .absSeg262
.abs_section_234                   2   N/I      0x234      0x235   .absSeg263
.abs_section_236                   2   N/I      0x236      0x237   .absSeg264
.abs_section_270                   2   N/I      0x270      0x271   .absSeg265
.abs_section_272                   2   N/I      0x272      0x273   .absSeg266
.abs_section_274                   2   N/I      0x274      0x275   .absSeg267
.abs_section_276                   2   N/I      0x276      0x277   .absSeg268
.abs_section_278                   2   N/I      0x278      0x279   .absSeg269
.abs_section_27a                   2   N/I      0x27A      0x27B   .absSeg270
.abs_section_27c                   2   N/I      0x27C      0x27D   .absSeg271
.abs_section_27e                   2   N/I      0x27E      0x27F   .absSeg272
.bss                               6   R/W      0x500      0x505   RAM
.common                            2   R/W      0x506      0x507   RAM
My_Variable                       69   R/W      0x508      0x54C   RAM
CODE_LCD                         930     R     0xC2B0     0xC651   ROM_C000
LCD_RAM                           35   R/W      0x54D      0x56F   RAM
MY_EXTENDED_ROM                   21     R     0xC652     0xC666   ROM_C000
KEYPAD_CODE                       81     R     0xC667     0xC6B7   ROM_C000
KEYPAD_RAM                         3   R/W      0x570      0x572   RAM
CODE                              54     R     0xC6B8     0xC6ED   ROM_C000
RAM                                1   R/W      0x573      0x573   RAM
LED.asm._SEC000000               220     R     0xC6EE     0xC7C9   ROM_C000
LOC                              430     R     0xC7CA     0xC977   ROM_C000
TD_CODE                          495     R     0xC978     0xCB66   ROM_C000
TD_RAM                            17   R/W      0x574      0x584   RAM
ADMIN_CODE                       220     R     0xCB67     0xCC42   ROM_C000
ADMIN_RAM                          8   R/W      0x585      0x58C   RAM
SECRET_CODE                      711     R     0xCC43     0xCF09   ROM_C000
SECRET_RAM                        30   R/W      0x58D      0x5AA   RAM
MENU_SETUP_CODE                 1599     R     0xCF0A     0xD548   ROM_C000
SUBMENU_CODE                    2702     R     0xD549     0xDFD6   ROM_C000
PORTS_CODE                       271     R     0xDFD7     0xE0E5   ROM_C000
MY_CONSTANT_RAM                  156     R     0xE0E6     0xE181   ROM_C000
MY_EXTENDED_RAM                    3   R/W      0x5AB      0x5AD   RAM
INFO_CODE                       1197     R     0xE182     0xE62E   ROM_C000
stepper_motor.asm._SEC000000        102     R     0xE62F     0xE694   ROM_C000
sound.asm._SEC000000             226     R     0xE695     0xE776   ROM_C000
ELEVATOR_CODE                     85     R     0xE777     0xE7CB   ROM_C000
ELEVATOR_RAM                       1   R/W      0x5AE      0x5AE   RAM
.vectSeg273_vect                   2     R     0xFFF0     0xFFF1   .vectSeg273
.vectSeg274_vect                   2     R     0xFFFE     0xFFFF   .vectSeg274

Summary of section sizes per section type:
READ_ONLY (R):        27D0 (dec:    10192)
READ_WRITE (R/W):      1AF (dec:      431)
NO_INIT (N/I):         160 (dec:      352)

*********************************************************************************************
VECTOR-ALLOCATION SECTION
    Address     InitValue   InitFunction
---------------------------------------------------------------------------------------------
     0xFFF0        0xC045   TIME_INT
     0xFFFE        0xC000   _Startup

*********************************************************************************************
OBJECT-ALLOCATION SECTION
     Name               Module                 Addr   hSize   dSize     Ref    Section   RLIB
---------------------------------------------------------------------------------------------
MODULE:                 -- lcddisp.c.o --
- PROCEDURES:
     delay_ms                                  C183      17      23       5   .text       
     init_LCD                                  C19A      52      82       1   .text       
     display_string                            C1EC      38      56      32   .text       
     Delay                                     C224      1F      31       1   .text       
     epulse                                    C243      24      36       3   .text       
     sendCommand                               C267       F      15       7   .text       
- VARIABLES:
     data                                       500       2       2       4   .bss        
MODULE:                 -- mc9s12e128.c.o --
- PROCEDURES:
- VARIABLES:
     _PORTE                                       8       1       1       0   .abs_section_8
     _DDRE                                        9       1       1       0   .abs_section_9
     _PEAR                                        A       1       1       0   .abs_section_a
     _MODE                                        B       1       1       0   .abs_section_b
     _PUCR                                        C       1       1       0   .abs_section_c
     _RDRIV                                       D       1       1       0   .abs_section_d
     _EBICTL                                      E       1       1       0   .abs_section_e
     _INITRM                                     10       1       1       0   .abs_section_10
     _INITRG                                     11       1       1       0   .abs_section_11
     _MISC                                       13       1       1       0   .abs_section_13
     _ITCR                                       15       1       1       0   .abs_section_15
     _ITEST                                      16       1       1       0   .abs_section_16
     _VREGCTRL                                   19       1       1       0   .abs_section_19
     _MEMSIZ0                                    1C       1       1       0   .abs_section_1c
     _MEMSIZ1                                    1D       1       1       0   .abs_section_1d
     _INTCR                                      1E       1       1       0   .abs_section_1e
     _HPRIO                                      1F       1       1       0   .abs_section_1f
     _DBGC1                                      20       1       1       0   .abs_section_20
     _DBGSC                                      21       1       1       0   .abs_section_21
     _DBGCNT                                     24       1       1       0   .abs_section_24
     _DBGCCX                                     25       1       1       0   .abs_section_25
     _DBGC2                                      28       1       1       0   .abs_section_28
     _DBGC3                                      29       1       1       0   .abs_section_29
     _DBGCAX                                     2A       1       1       0   .abs_section_2a
     _DBGCBX                                     2D       1       1       0   .abs_section_2d
     _PPAGE                                      30       1       1       0   .abs_section_30
     _PORTK                                      32       1       1       0   .abs_section_32
     _DDRK                                       33       1       1       0   .abs_section_33
     _SYNR                                       34       1       1       0   .abs_section_34
     _REFDV                                      35       1       1       0   .abs_section_35
     _CRGFLG                                     37       1       1       0   .abs_section_37
     _CRGINT                                     38       1       1       0   .abs_section_38
     _CLKSEL                                     39       1       1       0   .abs_section_39
     _PLLCTL                                     3A       1       1       0   .abs_section_3a
     _RTICTL                                     3B       1       1       0   .abs_section_3b
     _COPCTL                                     3C       1       1       0   .abs_section_3c
     _ARMCOP                                     3F       1       1       0   .abs_section_3f
     _TIM0_TIOS                                  40       1       1       0   .abs_section_40
     _TIM0_CFORC                                 41       1       1       0   .abs_section_41
     _TIM0_OC7M                                  42       1       1       0   .abs_section_42
     _TIM0_OC7D                                  43       1       1       0   .abs_section_43
     _TIM0_TSCR1                                 46       1       1       0   .abs_section_46
     _TIM0_TTOV                                  47       1       1       0   .abs_section_47
     _TIM0_TCTL1                                 48       1       1       0   .abs_section_48
     _TIM0_TCTL3                                 4A       1       1       0   .abs_section_4a
     _TIM0_TIE                                   4C       1       1       0   .abs_section_4c
     _TIM0_TSCR2                                 4D       1       1       0   .abs_section_4d
     _TIM0_TFLG1                                 4E       1       1       0   .abs_section_4e
     _TIM0_TFLG2                                 4F       1       1       0   .abs_section_4f
     _TIM0_PACTL                                 60       1       1       0   .abs_section_60
     _TIM0_PAFLG                                 61       1       1       0   .abs_section_61
     _ATDSTAT0                                   86       1       1       1   .abs_section_86
     _ATDTEST1                                   89       1       1       0   .abs_section_89
     _ATDSTAT2                                   8A       1       1       0   .abs_section_8a
     _ATDSTAT1                                   8B       1       1       0   .abs_section_8b
     _PORTAD0                                    8E       1       1       0   .abs_section_8e
     _PORTAD1                                    8F       1       1       0   .abs_section_8f
     _SCI0CR1                                    CA       1       1       0   .abs_section_ca
     _SCI0CR2                                    CB       1       1       0   .abs_section_cb
     _SCI0SR1                                    CC       1       1       0   .abs_section_cc
     _SCI0SR2                                    CD       1       1       0   .abs_section_cd
     _SCI0DRH                                    CE       1       1       0   .abs_section_ce
     _SCI0DRL                                    CF       1       1       0   .abs_section_cf
     _SCI1CR1                                    D2       1       1       0   .abs_section_d2
     _SCI1CR2                                    D3       1       1       0   .abs_section_d3
     _SCI1SR1                                    D4       1       1       0   .abs_section_d4
     _SCI1SR2                                    D5       1       1       0   .abs_section_d5
     _SCI1DRH                                    D6       1       1       0   .abs_section_d6
     _SCI1DRL                                    D7       1       1       0   .abs_section_d7
     _SPICR1                                     D8       1       1       0   .abs_section_d8
     _SPICR2                                     D9       1       1       0   .abs_section_d9
     _SPIBR                                      DA       1       1       0   .abs_section_da
     _SPISR                                      DB       1       1       0   .abs_section_db
     _SPIDR                                      DD       1       1       0   .abs_section_dd
     _IBAD                                       E0       1       1       0   .abs_section_e0
     _IBFD                                       E1       1       1       0   .abs_section_e1
     _IBCR                                       E2       1       1       0   .abs_section_e2
     _IBSR                                       E3       1       1       0   .abs_section_e3
     _IBDR                                       E4       1       1       0   .abs_section_e4
     _SCI2CR1                                    EA       1       1       0   .abs_section_ea
     _SCI2CR2                                    EB       1       1       0   .abs_section_eb
     _SCI2SR1                                    EC       1       1       0   .abs_section_ec
     _SCI2SR2                                    ED       1       1       0   .abs_section_ed
     _SCI2DRH                                    EE       1       1       0   .abs_section_ee
     _SCI2DRL                                    EF       1       1       0   .abs_section_ef
     _DAC0_DACC0                                 F0       1       1       0   .abs_section_f0
     _DAC0_DACDLeft                              F2       1       1       0   .abs_section_f2
     _DAC0_DACDRight                             F3       1       1       0   .abs_section_f3
     _DAC1_DACC0                                 F4       1       1       0   .abs_section_f4
     _DAC1_DACDLeft                              F6       1       1       0   .abs_section_f6
     _DAC1_DACDRight                             F7       1       1       0   .abs_section_f7
     _FCLKDIV                                   100       1       1       0   .abs_section_100
     _FSEC                                      101       1       1       0   .abs_section_101
     _FCNFG                                     103       1       1       0   .abs_section_103
     _FPROT                                     104       1       1       0   .abs_section_104
     _FSTAT                                     105       1       1       0   .abs_section_105
     _FCMD                                      106       1       1       0   .abs_section_106
     _TIM1_TIOS                                 140       1       1       0   .abs_section_140
     _TIM1_CFORC                                141       1       1       0   .abs_section_141
     _TIM1_OC7M                                 142       1       1       0   .abs_section_142
     _TIM1_OC7D                                 143       1       1       0   .abs_section_143
     _TIM1_TSCR1                                146       1       1       0   .abs_section_146
     _TIM1_TTOV                                 147       1       1       0   .abs_section_147
     _TIM1_TCTL1                                148       1       1       0   .abs_section_148
     _TIM1_TCTL3                                14A       1       1       0   .abs_section_14a
     _TIM1_TIE                                  14C       1       1       0   .abs_section_14c
     _TIM1_TSCR2                                14D       1       1       0   .abs_section_14d
     _TIM1_TFLG1                                14E       1       1       0   .abs_section_14e
     _TIM1_TFLG2                                14F       1       1       0   .abs_section_14f
     _TIM1_PACTL                                160       1       1       0   .abs_section_160
     _TIM1_PAFLG                                161       1       1       0   .abs_section_161
     _TIM2_TIOS                                 180       1       1       0   .abs_section_180
     _TIM2_CFORC                                181       1       1       0   .abs_section_181
     _TIM2_OC7M                                 182       1       1       0   .abs_section_182
     _TIM2_OC7D                                 183       1       1       0   .abs_section_183
     _TIM2_TSCR1                                186       1       1       0   .abs_section_186
     _TIM2_TTOV                                 187       1       1       0   .abs_section_187
     _TIM2_TCTL1                                188       1       1       0   .abs_section_188
     _TIM2_TCTL3                                18A       1       1       0   .abs_section_18a
     _TIM2_TIE                                  18C       1       1       0   .abs_section_18c
     _TIM2_TSCR2                                18D       1       1       0   .abs_section_18d
     _TIM2_TFLG1                                18E       1       1       0   .abs_section_18e
     _TIM2_TFLG2                                18F       1       1       0   .abs_section_18f
     _TIM2_PACTL                                1A0       1       1       0   .abs_section_1a0
     _TIM2_PAFLG                                1A1       1       1       0   .abs_section_1a1
     _PWME                                      1E0       1       1       0   .abs_section_1e0
     _PWMPOL                                    1E1       1       1       0   .abs_section_1e1
     _PWMCLK                                    1E2       1       1       0   .abs_section_1e2
     _PWMPRCLK                                  1E3       1       1       0   .abs_section_1e3
     _PWMCAE                                    1E4       1       1       0   .abs_section_1e4
     _PWMCTL                                    1E5       1       1       0   .abs_section_1e5
     _PWMSCLA                                   1E8       1       1       0   .abs_section_1e8
     _PWMSCLB                                   1E9       1       1       0   .abs_section_1e9
     _PWMSDN                                    1FE       1       1       0   .abs_section_1fe
     _PMFCFG0                                   200       1       1       0   .abs_section_200
     _PMFCFG1                                   201       1       1       0   .abs_section_201
     _PMFCFG2                                   202       1       1       0   .abs_section_202
     _PMFCFG3                                   203       1       1       0   .abs_section_203
     _PMFFCTL                                   204       1       1       0   .abs_section_204
     _PMFFPIN                                   205       1       1       0   .abs_section_205
     _PMFFSTA                                   206       1       1       0   .abs_section_206
     _PMFQSMP                                   207       1       1       0   .abs_section_207
     _PMFDMPA                                   208       1       1       0   .abs_section_208
     _PMFDMPB                                   209       1       1       0   .abs_section_209
     _PMFDMPC                                   20A       1       1       0   .abs_section_20a
     _PMFOUTC                                   20C       1       1       0   .abs_section_20c
     _PMFOUTB                                   20D       1       1       0   .abs_section_20d
     _PMFDTMS                                   20E       1       1       0   .abs_section_20e
     _PMFCCTL                                   20F       1       1       0   .abs_section_20f
     _PMFENCA                                   220       1       1       0   .abs_section_220
     _PMFFQCA                                   221       1       1       0   .abs_section_221
     _PMFENCB                                   228       1       1       0   .abs_section_228
     _PMFFQCB                                   229       1       1       0   .abs_section_229
     _PMFENCC                                   230       1       1       0   .abs_section_230
     _PMFFQCC                                   231       1       1       0   .abs_section_231
     _PTT                                       240       1       1       2   .abs_section_240
     _PTIT                                      241       1       1       0   .abs_section_241
     _DDRT                                      242       1       1       0   .abs_section_242
     _RDRT                                      243       1       1       0   .abs_section_243
     _PERT                                      244       1       1       0   .abs_section_244
     _PPST                                      245       1       1       0   .abs_section_245
     _PTS                                       248       1       1       0   .abs_section_248
     _PTIS                                      249       1       1       0   .abs_section_249
     _DDRS                                      24A       1       1       0   .abs_section_24a
     _RDRS                                      24B       1       1       0   .abs_section_24b
     _PERS                                      24C       1       1       0   .abs_section_24c
     _PPSS                                      24D       1       1       0   .abs_section_24d
     _WOMS                                      24E       1       1       0   .abs_section_24e
     _PTM                                       250       1       1       5   .abs_section_250
     _PTIM                                      251       1       1       0   .abs_section_251
     _DDRM                                      252       1       1       1   .abs_section_252
     _RDRM                                      253       1       1       0   .abs_section_253
     _PERM                                      254       1       1       0   .abs_section_254
     _PPSM                                      255       1       1       0   .abs_section_255
     _WOMM                                      256       1       1       0   .abs_section_256
     _PTP                                       258       1       1       0   .abs_section_258
     _PTIP                                      259       1       1       0   .abs_section_259
     _DDRP                                      25A       1       1       0   .abs_section_25a
     _RDRP                                      25B       1       1       0   .abs_section_25b
     _PERP                                      25C       1       1       0   .abs_section_25c
     _PPSP                                      25D       1       1       0   .abs_section_25d
     _PTQ                                       260       1       1       0   .abs_section_260
     _PTIQ                                      261       1       1       0   .abs_section_261
     _DDRQ                                      262       1       1       0   .abs_section_262
     _RDRQ                                      263       1       1       0   .abs_section_263
     _PERQ                                      264       1       1       0   .abs_section_264
     _PPSQ                                      265       1       1       0   .abs_section_265
     _PTU                                       268       1       1       0   .abs_section_268
     _PTIU                                      269       1       1       0   .abs_section_269
     _DDRU                                      26A       1       1       0   .abs_section_26a
     _RDRU                                      26B       1       1       0   .abs_section_26b
     _PERU                                      26C       1       1       0   .abs_section_26c
     _PPSU                                      26D       1       1       0   .abs_section_26d
     _MODRR                                     26E       1       1       0   .abs_section_26e
     _PORTAB                                      0       2       2       0   .abs_section_0
     _DDRAB                                       2       2       2       0   .abs_section_2
     _PARTID                                     1A       2       2       0   .abs_section_1a
     _DBGTB                                      22       2       2       0   .abs_section_22
     _DBGCC                                      26       2       2       0   .abs_section_26
     _DBGCA                                      2B       2       2       0   .abs_section_2b
     _DBGCB                                      2E       2       2       0   .abs_section_2e
     _TIM0_TCNT                                  44       2       2       0   .abs_section_44
     _TIM0_TC4                                   58       2       2       0   .abs_section_58
     _TIM0_TC5                                   5A       2       2       0   .abs_section_5a
     _TIM0_TC6                                   5C       2       2       0   .abs_section_5c
     _TIM0_TC7                                   5E       2       2       0   .abs_section_5e
     _TIM0_PACNT                                 62       2       2       0   .abs_section_62
     _ATDCTL23                                   82       2       2       1   .abs_section_82
     _ATDCTL45                                   84       2       2       1   .abs_section_84
     _ATDDIEN                                    8C       2       2       0   .abs_section_8c
     _ATDDR0                                     90       2       2       1   .abs_section_90
     _ATDDR1                                     92       2       2       0   .abs_section_92
     _ATDDR2                                     94       2       2       0   .abs_section_94
     _ATDDR3                                     96       2       2       0   .abs_section_96
     _ATDDR4                                     98       2       2       0   .abs_section_98
     _ATDDR5                                     9A       2       2       0   .abs_section_9a
     _ATDDR6                                     9C       2       2       0   .abs_section_9c
     _ATDDR7                                     9E       2       2       0   .abs_section_9e
     _ATDDR8                                     A0       2       2       0   .abs_section_a0
     _ATDDR9                                     A2       2       2       0   .abs_section_a2
     _ATDDR10                                    A4       2       2       0   .abs_section_a4
     _ATDDR11                                    A6       2       2       0   .abs_section_a6
     _ATDDR12                                    A8       2       2       0   .abs_section_a8
     _ATDDR13                                    AA       2       2       0   .abs_section_aa
     _ATDDR14                                    AC       2       2       0   .abs_section_ac
     _ATDDR15                                    AE       2       2       0   .abs_section_ae
     _SCI0BD                                     C8       2       2       0   .abs_section_c8
     _SCI1BD                                     D0       2       2       0   .abs_section_d0
     _SCI2BD                                     E8       2       2       0   .abs_section_e8
     _TIM1_TCNT                                 144       2       2       0   .abs_section_144
     _TIM1_TC4                                  158       2       2       0   .abs_section_158
     _TIM1_TC5                                  15A       2       2       0   .abs_section_15a
     _TIM1_TC6                                  15C       2       2       0   .abs_section_15c
     _TIM1_TC7                                  15E       2       2       0   .abs_section_15e
     _TIM1_PACNT                                162       2       2       0   .abs_section_162
     _TIM2_TCNT                                 184       2       2       0   .abs_section_184
     _TIM2_TC4                                  198       2       2       0   .abs_section_198
     _TIM2_TC5                                  19A       2       2       0   .abs_section_19a
     _TIM2_TC6                                  19C       2       2       0   .abs_section_19c
     _TIM2_TC7                                  19E       2       2       0   .abs_section_19e
     _TIM2_PACNT                                1A2       2       2       0   .abs_section_1a2
     _PWMCNT01                                  1EC       2       2       0   .abs_section_1ec
     _PWMCNT23                                  1EE       2       2       0   .abs_section_1ee
     _PWMCNT45                                  1F0       2       2       0   .abs_section_1f0
     _PWMPER01                                  1F2       2       2       0   .abs_section_1f2
     _PWMPER23                                  1F4       2       2       0   .abs_section_1f4
     _PWMPER45                                  1F6       2       2       0   .abs_section_1f6
     _PWMDTY01                                  1F8       2       2       0   .abs_section_1f8
     _PWMDTY23                                  1FA       2       2       0   .abs_section_1fa
     _PWMDTY45                                  1FC       2       2       0   .abs_section_1fc
     _PMFVAL0                                   210       2       2       0   .abs_section_210
     _PMFVAL1                                   212       2       2       0   .abs_section_212
     _PMFVAL2                                   214       2       2       0   .abs_section_214
     _PMFVAL3                                   216       2       2       0   .abs_section_216
     _PMFVAL4                                   218       2       2       0   .abs_section_218
     _PMFVAL5                                   21A       2       2       0   .abs_section_21a
     _PMFCNTA                                   222       2       2       0   .abs_section_222
     _PMFMODA                                   224       2       2       0   .abs_section_224
     _PMFDTMA                                   226       2       2       0   .abs_section_226
     _PMFCNTB                                   22A       2       2       0   .abs_section_22a
     _PMFMODB                                   22C       2       2       0   .abs_section_22c
     _PMFDTMB                                   22E       2       2       0   .abs_section_22e
     _PMFCNTC                                   232       2       2       0   .abs_section_232
     _PMFMODC                                   234       2       2       0   .abs_section_234
     _PMFDTMC                                   236       2       2       0   .abs_section_236
     _PTAD                                      270       2       2       4   .abs_section_270
     _PTIAD                                     272       2       2       0   .abs_section_272
     _DDRAD                                     274       2       2       1   .abs_section_274
     _RDRAD                                     276       2       2       0   .abs_section_276
     _PERAD                                     278       2       2       0   .abs_section_278
     _PPSAD                                     27A       2       2       0   .abs_section_27a
     _PIEAD                                     27C       2       2       0   .abs_section_27c
     _PIFAD                                     27E       2       2       0   .abs_section_27e
MODULE:                 -- potentiometer.c.o --
- PROCEDURES:
     read_pot                                  C276      18      24       1   .text       
- VARIABLES:
     pot_value                                  506       2       2       2   .common     
MODULE:                 -- main.asm.o --
- PROCEDURES:
     _Startup                                  C000      21      33       0   .init       
     MAIN                                      C021      10      16       0   .init       
     Motor                                     C031      14      20       0   .init       
     TIME_INT                                  C045      1D      29       0   .init       
     just_delay                                C062      1C      28       0   .init       
     pot_meter_delay                           C07E      23      35       0   .init       
     LED_delay_RTI                             C0A1      1E      30       0   .init       
     stepper_delayer                           C0BF      20      32       0   .init       
     sounds_RTI                                C0DF      27      39       0   .init       
     TIME_DONE                                 C106      37      55       0   .init       
     CLOCK_MINUTES_TENS                        C13D      12      18       0   .init       
     CLOCK_HOURS_ONES                          C14F       B      11       0   .init       
     CLOCK_HOURS_ONES_CONT                     C15A       B      11       0   .init       
     CLOCK_HOURS_ONES_CHECK                    C165      14      20       0   .init       
     CLOCK_MINUTE_TENS                         C179       9       9       0   .init       
     CLOCK_DONE                                C182       1       1       0   .init       
- VARIABLES:
     WAIT                                       508       4       4      18   My_Variable 
     CARRY                                      50C       1       1      17   My_Variable 
     disp                                       50D      21      33       0   My_Variable 
     NEXT_FLOOR                                 52E       1       1       3   My_Variable 
     direction                                  52F       1       1       8   My_Variable 
     currentfloor                               530       1       1      10   My_Variable 
     stateofelevator                            531       1       1       8   My_Variable 
     floor                                      532       1       1       8   My_Variable 
     state_of_load                              533       1       1       7   My_Variable 
     LED_flag                                   534       1       1       8   My_Variable 
     LED_delay                                  535       1       1       5   My_Variable 
     should_led                                 536       1       1       4   My_Variable 
     stepper_flag                               537       1       1       8   My_Variable 
     stepper_delay                              538       2       2       4   My_Variable 
     DC_flag                                    53A       1       1       4   My_Variable 
     DC_delay                                   53B       1       1       3   My_Variable 
     is_open_or_closed                          53C       1       1      12   My_Variable 
     was_open_or_closed                         53D       1       1       4   My_Variable 
     max_value_of_pot                           53E       1       1       2   My_Variable 
     Count_1                                    53F       2       2       4   My_Variable 
     Count_2                                    541       1       1       4   My_Variable 
     Count                                      542       2       2       0   My_Variable 
     flag                                       544       1       1      14   My_Variable 
     sound_flag                                 545       1       1       4   My_Variable 
     sound_delay                                546       2       2       3   My_Variable 
     number_in_sound_seq                        548       1       1       4   My_Variable 
     repeats                                    549       1       1       0   My_Variable 
     did_play                                   54A       1       1       5   My_Variable 
     to_play                                    54B       1       1       2   My_Variable 
     done_playing                               54C       1       1       3   My_Variable 
- LABELS:
     __SEG_END_SSTACK                           500       0       0       1               
     CRGINT                                      38       0       0       1   .text       
     RTICTL                                      3B       0       0       1   .text       
MODULE:                 -- LCD.asm.o --
- PROCEDURES:
     WELCOME                                   C2B0      CA     202       0   CODE_LCD    
     DATE_TIME                                 C37A      23      35       2   CODE_LCD    
     ENTER_DT                                  C39D       D      13       2   CODE_LCD    
     ENTER_DT_CONT                             C3AA      2E      46       0   CODE_LCD    
     DT_CONT                                   C3D8       7       7       0   CODE_LCD    
     DATE                                      C3DF      41      65       0   CODE_LCD    
     TIME                                      C420      41      65       0   CODE_LCD    
     Exit_DT                                   C461       F      15       1   CODE_LCD    
     NO_EXIT_DT                                C470       6       6       0   CODE_LCD    
     ADMIN                                     C476      12      18       1   CODE_LCD    
     SECRET_1                                  C488      15      21       1   CODE_LCD    
     SECRET_2                                  C49D      15      21       1   CODE_LCD    
     SECRET_3                                  C4B2      15      21       1   CODE_LCD    
     MAIN_MENU                                 C4C7      26      38       2   CODE_LCD    
     SYS_SETTINGS                              C4ED      10      16       1   CODE_LCD    
     SYS_SET_1                                 C4FD      2B      43       3   CODE_LCD    
     SYS_SET_1_CONT                            C528      2F      47       0   CODE_LCD    
     SYS_SET_SEL_1a                            C557      1D      29       0   CODE_LCD    
     SYS_SET_SEL_1b                            C574      1B      27       0   CODE_LCD    
     SYS_SET_EXIT                              C58F       1       1       0   CODE_LCD    
     SYS_SET_2                                 C590      23      35       2   CODE_LCD    
     SYS_SET_2_CONT                            C5B3      2C      44       0   CODE_LCD    
     SEC_SEL                                   C5DF      1E      30       0   CODE_LCD    
     SEC_SEL_2                                 C5FD       9       9       0   CODE_LCD    
     SEC_SEL_3                                 C606       3       3       0   CODE_LCD    
     SEC_SEL_DONE                              C609      13      19       0   CODE_LCD    
     INPUT                                     C61C      1A      26      12   CODE_LCD    
     DOWN                                      C636      12      18       0   CODE_LCD    
     INPUT_DONE                                C648       7       7       0   CODE_LCD    
     INPUT_OVER                                C64F       3       3       0   CODE_LCD    
- VARIABLES:
     disp                                       54D      21      33    1090   LCD_RAM     
     LCD_CUR                                    56E       1       1     126   LCD_RAM     
     LCD_VAL                                    56F       1       1      70   LCD_RAM     
MODULE:                 -- keypad.asm.o --
- PROCEDURES:
     keypad                                    C667       F      15       1   KEYPAD_CODE 
     Delay                                     C676       4       4       1   KEYPAD_CODE 
     DLoop                                     C67A       5       5       0   KEYPAD_CODE 
     looop1                                    C67F       3       3       1   KEYPAD_CODE 
     next                                      C682      12      18       0   KEYPAD_CODE 
     held_P                                    C694       A      10       0   KEYPAD_CODE 
     next_1                                    C69E       E      14       0   KEYPAD_CODE 
     redo                                      C6AC       C      12       0   KEYPAD_CODE 
- VARIABLES:
     var_a                                      570       1       1       0   KEYPAD_RAM  
     var_b                                      571       1       1       0   KEYPAD_RAM  
     comparepressedvalue                        572       1       1       3   KEYPAD_RAM  
     SEQ                                       C652       4       4       1   MY_EXTENDED_ROM
     var1                                      C656      11      17       1   MY_EXTENDED_ROM
MODULE:                 -- keypad_output.asm.o --
- PROCEDURES:
     keypadoutput                              C6B8       F      15      33   CODE        
     held                                      C6C7       C      12       0   CODE        
     pressedf                                  C6D3      13      19       0   CODE        
     pressedf_done                             C6E6       8       8       0   CODE        
- VARIABLES:
     pressed                                    573       1       1      64   RAM         
MODULE:                 -- LED.asm.o --
- PROCEDURES:
     going_up_sequence                         C6EE       8       8       0   LED.asm._SEC000000
     going_down_sequence                       C6F6       8       8       0   LED.asm._SEC000000
     blink_sequence                            C6FE       5       5       1   LED.asm._SEC000000
     LED                                       C703      18      24       1   LED.asm._SEC000000
     Delay                                     C71B      21      33       0   LED.asm._SEC000000
     going_up_leds                             C73C      28      40       0   LED.asm._SEC000000
     up_sec                                    C764      16      22       0   LED.asm._SEC000000
     going_down_leds                           C77A      13      19       0   LED.asm._SEC000000
     skip_reset                                C78D      1D      29       0   LED.asm._SEC000000
     down_sec                                  C7AA      14      20       0   LED.asm._SEC000000
     shared_code                               C7BE       A      10       0   LED.asm._SEC000000
     skip                                      C7C8       2       2       0   LED.asm._SEC000000
- VARIABLES:
MODULE:                 -- LCD_LOC.asm.o --
- PROCEDURES:
     disp_loc                                  C7CA      14      20      30   LOC         
     disp_1                                    C7DE       D      13       0   LOC         
     disp_2                                    C7EB       D      13       0   LOC         
     disp_3                                    C7F8       D      13       0   LOC         
     disp_4                                    C805       D      13       0   LOC         
     disp_5                                    C812       D      13       0   LOC         
     disp_6                                    C81F       D      13       0   LOC         
     disp_7                                    C82C       D      13       0   LOC         
     disp_8                                    C839       D      13       0   LOC         
     disp_9                                    C846       D      13       0   LOC         
     disp_10                                   C853       D      13       0   LOC         
     disp_11                                   C860       D      13       0   LOC         
     disp_12                                   C86D       D      13       0   LOC         
     disp_13                                   C87A       D      13       0   LOC         
     disp_14                                   C887       D      13       0   LOC         
     disp_15                                   C894       D      13       0   LOC         
     disp_16                                   C8A1       D      13       0   LOC         
     disp_17                                   C8AE       D      13       0   LOC         
     disp_18                                   C8BB       D      13       0   LOC         
     disp_19                                   C8C8       D      13       0   LOC         
     disp_20                                   C8D5       D      13       0   LOC         
     disp_21                                   C8E2       D      13       0   LOC         
     disp_22                                   C8EF       D      13       0   LOC         
     disp_23                                   C8FC       D      13       0   LOC         
     disp_24                                   C909       D      13       0   LOC         
     disp_25                                   C916       D      13       0   LOC         
     disp_26                                   C923       D      13       0   LOC         
     disp_27                                   C930       D      13       0   LOC         
     disp_28                                   C93D       C      12       0   LOC         
     disp_29                                   C949       C      12       0   LOC         
     disp_30                                   C955       C      12       0   LOC         
     disp_31                                   C961       C      12       0   LOC         
     disp_loc_end                              C96D       B      11      28   LOC         
- VARIABLES:
MODULE:                 -- DATE_TIME.asm.o --
- PROCEDURES:
     TIME_SET                                  C978       A      10       1   TD_CODE     
     TIME_IN                                   C982      29      41       5   TD_CODE     
     TC_2                                      C9AB      10      16       0   TD_CODE     
     TC_3                                      C9BB       6       6       0   TD_CODE     
     TC_4                                      C9C1      10      16       0   TD_CODE     
     TC_5                                      C9D1      19      25       0   TD_CODE     
     TC_6                                      C9EA      10      16       0   TD_CODE     
     TC_END                                    C9FA       3       3       0   TD_CODE     
     AM_PM                                     C9FD      17      23       0   TD_CODE     
     PM                                        CA14      11      17       0   TD_CODE     
     TIME_IN_CONF                              CA25      1C      28       1   TD_CODE     
     DATE_SET                                  CA41       A      10       1   TD_CODE     
     DATE_IN                                   CA4B      2C      44       9   TD_CODE     
     DATE_CON_2                                CA77      10      16       0   TD_CODE     
     DATE_CON_3                                CA87      10      16       0   TD_CODE     
     DATE_CON_4                                CA97      10      16       0   TD_CODE     
     DATE_CON_5                                CAA7      19      25       0   TD_CODE     
     DATE_CON_6                                CAC0      10      16       0   TD_CODE     
     DATE_CON_7                                CAD0      19      25       0   TD_CODE     
     DATE_CON_7b                               CAE9      15      21       0   TD_CODE     
     DATE_CON_8                                CAFE       9       9       0   TD_CODE     
     DATE_IN_CONF                              CB07      24      36       0   TD_CODE     
     TIME_disp                                 CB2B       9       9       5   TD_CODE     
     TIME_disp_L                               CB34      12      18       0   TD_CODE     
     TIME_disp_CON_2                           CB46       3       3       0   TD_CODE     
     DATE_disp                                 CB49       9       9       5   TD_CODE     
     DATE_disp_L                               CB52      12      18       0   TD_CODE     
     DATE_disp_CON_3                           CB64       3       3       0   TD_CODE     
- VARIABLES:
     TIME_VAL                                   574       7       7      25   TD_RAM      
     DATE_VAL                                   57B       A      10      16   TD_RAM      
MODULE:                 -- ADMIN.asm.o --
- PROCEDURES:
     ADMIN_SET                                 CB67       C      12       1   ADMIN_CODE  
     ADMIN_PASS_SET                            CB73      29      41       0   ADMIN_CODE  
     ADMIN_PASS_CON_2                          CB9C       A      10       0   ADMIN_CODE  
     ADMIN_PASS_CONF                           CBA6      15      21       0   ADMIN_CODE  
     disp_ADMIN                                CBBB       9       9       1   ADMIN_CODE  
     ADMIN_disp_L                              CBC4      12      18       0   ADMIN_CODE  
     ADMIN_disp_CON_2                          CBD6       3       3       0   ADMIN_CODE  
     ADMIN_CHECK                               CBD9      16      22       1   ADMIN_CODE  
     ADMIN_CHECK_L                             CBEF      20      32       0   ADMIN_CODE  
     INVALID_AD                                CC0F       4       4       0   ADMIN_CODE  
     ADMIN_CHECK_ERROR                         CC13      16      22       0   ADMIN_CODE  
     ADMIN_CHECK_L_E                           CC29      1A      26       0   ADMIN_CODE  
- VARIABLES:
     ADMIN_PASS                                 585       8       8      12   ADMIN_RAM   
MODULE:                 -- SECRET.asm.o --
- PROCEDURES:
     SECRET_SET_1                              CC43       F      15       1   SECRET_CODE 
     SECRET_ID_SET_1                           CC52      29      41       0   SECRET_CODE 
     SECRET_ID_CON_2_1                         CC7B      11      17       0   SECRET_CODE 
     SECRET_ID_CONF_1                          CC8C      15      21       0   SECRET_CODE 
     SECRET_PASS_SET_1                         CCA1      29      41       0   SECRET_CODE 
     SECRET_PASS_CON_2_1                       CCCA      10      16       0   SECRET_CODE 
     SECRET_PASS_CONF_1                        CCDA      15      21       0   SECRET_CODE 
     disp_SECRET_ID_1                          CCEF       9       9       1   SECRET_CODE 
     SECRET_disp_L1_1                          CCF8      12      18       0   SECRET_CODE 
     SECRET_disp_CON_2_1                       CD0A       3       3       0   SECRET_CODE 
     disp_SECRET_PASS_1                        CD0D       E      14       1   SECRET_CODE 
     SECRET_disp_L2_1                          CD1B      12      18       0   SECRET_CODE 
     SECRET_disp_CON_4_1                       CD2D       3       3       0   SECRET_CODE 
     SECRET_SET_2                              CD30       F      15       1   SECRET_CODE 
     SECRET_ID_SET_2                           CD3F      29      41       0   SECRET_CODE 
     SECRET_ID_CON_2_2                         CD68      11      17       0   SECRET_CODE 
     SECRET_ID_CONF_2                          CD79      15      21       0   SECRET_CODE 
     SECRET_PASS_SET_2                         CD8E      29      41       0   SECRET_CODE 
     SECRET_PASS_CON_2_2                       CDB7      10      16       0   SECRET_CODE 
     SECRET_PASS_CONF_2                        CDC7      15      21       0   SECRET_CODE 
     disp_SECRET_ID_2                          CDDC       9       9       1   SECRET_CODE 
     SECRET_disp_L1_2                          CDE5      12      18       0   SECRET_CODE 
     SECRET_disp_CON_2_2                       CDF7       3       3       0   SECRET_CODE 
     disp_SECRET_PASS_2                        CDFA       E      14       1   SECRET_CODE 
     SECRET_disp_L2_2                          CE08      12      18       0   SECRET_CODE 
     SECRET_disp_CON_4_2                       CE1A       3       3       0   SECRET_CODE 
     SECRET_SET_3                              CE1D       F      15       1   SECRET_CODE 
     SECRET_ID_SET_3                           CE2C      29      41       0   SECRET_CODE 
     SECRET_ID_CON_2_3                         CE55      11      17       0   SECRET_CODE 
     SECRET_ID_CONF_3                          CE66      15      21       0   SECRET_CODE 
     SECRET_PASS_SET_3                         CE7B      29      41       0   SECRET_CODE 
     SECRET_PASS_CON_2_3                       CEA4      10      16       0   SECRET_CODE 
     SECRET_PASS_CONF_3                        CEB4      15      21       0   SECRET_CODE 
     disp_SECRET_ID_3                          CEC9       9       9       1   SECRET_CODE 
     SECRET_disp_L1_3                          CED2      12      18       0   SECRET_CODE 
     SECRET_disp_CON_2_3                       CEE4       3       3       0   SECRET_CODE 
     disp_SECRET_PASS_3                        CEE7       E      14       1   SECRET_CODE 
     SECRET_disp_L2_3                          CEF5      12      18       0   SECRET_CODE 
     SECRET_disp_CON_4_3                       CF07       3       3       0   SECRET_CODE 
- VARIABLES:
     SECRET_ID_1                                58D       2       2       2   SECRET_RAM  
     SECRET_PASS_1                              58F       8       8       2   SECRET_RAM  
     SECRET_ID_2                                597       2       2       2   SECRET_RAM  
     SECRET_PASS_2                              599       8       8       2   SECRET_RAM  
     SECRET_ID_3                                5A1       2       2       2   SECRET_RAM  
     SECRET_PASS_3                              5A3       8       8       2   SECRET_RAM  
MODULE:                 -- MENU_SETUP.asm.o --
- PROCEDURES:
     MAIN_MENU_SETUP                           CF0A      B0     176       1   MENU_SETUP_CODE
     display_DATE_TIME_SET                     CFBA      BA     186       6   MENU_SETUP_CODE
     ADMIN_MENU_SETUP                          D074      B5     181       2   MENU_SETUP_CODE
     SECRET_MENU_SETUP                         D129      B0     176       3   MENU_SETUP_CODE
     Floor_SEL_MENU                            D1D9      B0     176       1   MENU_SETUP_CODE
     NEXT_FLOOR_MENU                           D289      B0     176       0   MENU_SETUP_CODE
     ADMIN_MENU_ERROR                          D339      B0     176       1   MENU_SETUP_CODE
     SYS_SET_MAIN_MEN_1                        D3E9      B0     176       4   MENU_SETUP_CODE
     SYS_SET_MAIN_MEN_2                        D499      B0     176       2   MENU_SETUP_CODE
- VARIABLES:
MODULE:                 -- SubMenus.asm.o --
- PROCEDURES:
     TIME_SUBMENU                              D549      B5     181       1   SUBMENU_CODE
     DATE_SUBMENU                              D5FE      B5     181       1   SUBMENU_CODE
     SECRET_ID_SUBMENU                         D6B3      B0     176       0   SUBMENU_CODE
     SECRET_PASS_SUBMENU                       D763      B0     176       0   SUBMENU_CODE
     CORRECT_SUBMENU                           D813      AD     173       2   SUBMENU_CODE
     Answer                                    D8C0       D      13       0   SUBMENU_CODE
     Incorrect                                 D8CD       A      10       0   SUBMENU_CODE
     You_Entered                               D8D7      A8     168       6   SUBMENU_CODE
     EXIT                                      D97F      B1     177       2   SUBMENU_CODE
     Answer_E                                  DA30      10      16       0   SUBMENU_CODE
     Cont_Prog                                 DA40       7       7       0   SUBMENU_CODE
     CORRECT_ADM_PASS                          DA47      B1     177       1   SUBMENU_CODE
     INCORRECT_INPUT                           DAF8      B1     177       1   SUBMENU_CODE
     ERROR_DOOR                                DBA9      AE     174       1   SUBMENU_CODE
     FLOOR_ENTRY                               DC57      AE     174       0   SUBMENU_CODE
     FLOOR_DEST                                DD05      B7     183       0   SUBMENU_CODE
     Down_WAIT                                 DDBC       9       9       0   SUBMENU_CODE
     Go_Up                                     DDC5      B6     182       0   SUBMENU_CODE
     Go_Down                                   DE7B      AE     174       0   SUBMENU_CODE
     secret_sel_menu                           DF29      AE     174       1   SUBMENU_CODE
- VARIABLES:
MODULE:                 -- INTIALIZE_PORTS.asm.o --
- PROCEDURES:
     INITIALIZE_PORTS                          DFD7     10F     271       1   PORTS_CODE  
- VARIABLES:
- LABELS:
[...]
     seq_1                                     E695      13      19       1   sound.asm._SEC000000
     seq_2                                     E6A8       2       2       1   sound.asm._SEC000000
     seq_3                                     E6AA       2       2       1   sound.asm._SEC000000
     seq_4                                     E6AC      4D      77       1   sound.asm._SEC000000
     seq_5                                     E6F9       6       6       1   sound.asm._SEC000000
     speaker                                   E6FF      1B      27       1   sound.asm._SEC000000
     compare_2                                 E71A       9       9       0   sound.asm._SEC000000
     compare_3                                 E723       9       9       0   sound.asm._SEC000000
     compare_4                                 E72C       9       9       0   sound.asm._SEC000000
     compare_5                                 E735       7       7       0   sound.asm._SEC000000
     loop                                      E73C       0       0       0   sound.asm._SEC000000
     cont                                      E73C      2F      47       0   sound.asm._SEC000000
     skip                                      E76B       1       1       0   sound.asm._SEC000000
     reset_this                                E76C       B      11       0   sound.asm._SEC000000
     ELEVATOR_FLOOR                            E777       9       9       1   ELEVATOR_CODE
     ELEVATOR_FLOOR_CONT                       E780      24      36       0   ELEVATOR_CODE
     EF_CONT                                   E7A4       8       8       0   ELEVATOR_CODE
     Going_Up                                  E7AC      10      16       0   ELEVATOR_CODE
     Going_Down                                E7BC      10      16       0   ELEVATOR_CODE

*********************************************************************************************
UNUSED-OBJECTS SECTION
---------------------------------------------------------------------------------------------
NOT USED VARIABLES
main.asm.o:
  going_up_sequence going_down_sequence blink_sequence MONTH_DAYS 

*********************************************************************************************
COPYDOWN SECTION
---------------------------------------------------------------------------------------------

*********************************************************************************************
OBJECT-DEPENDENCIES SECTION
---------------------------------------------------------------------------------------------
_Startup                  USES __SEG_END_SSTACK INITIALIZE_PORTS flag 
                                sound_flag did_play to_play speaker MAIN_MENU 
MAIN                      USES keypadoutput pressed ELEVATOR_FLOOR pot_meter 
Motor                     USES stepper_motor direction sound_flag flag 
TIME_INT                  USES flag 
just_delay                USES WAIT CARRY 
pot_meter_delay           USES DC_flag DC_delay 
LED_delay_RTI             USES LED_flag LED_delay 
stepper_delayer           USES stepper_flag stepper_delay 
sounds_RTI                USES sound_flag sound_delay done_playing 
                                number_in_sound_seq 
TIME_DONE                 USES Count_1 Count_2 TIME_VAL 
CLOCK_MINUTES_TENS        USES TIME_VAL 
CLOCK_HOURS_ONES          USES TIME_VAL 
CLOCK_HOURS_ONES_CONT     USES TIME_VAL 
CLOCK_HOURS_ONES_CHECK    USES TIME_VAL 
CLOCK_MINUTE_TENS         USES TIME_VAL 
init_LCD                  USES _DDRAD _PTAD _DDRM delay_ms _PTM data 
                                sendCommand epulse 
display_string            USES sendCommand data _PTAD epulse 
epulse                    USES data _PTM delay_ms 
sendCommand               USES data _PTAD epulse 
read_pot                  USES _ATDCTL23 Delay _ATDCTL45 _ATDSTAT0 _ATDDR0 
                                pot_value 
SendsChr                  USES tone 
PlayTone                  USES tone_count tone _PTT 
WELCOME                   USES WAIT disp display_string INFO_MENU_1 
                                keypadoutput INFO_MENU_2 INFO_MENU_3 INFO_MENU_5 
DATE_TIME                 USES display_DATE_TIME_SET LCD_CUR DATE_disp 
                                TIME_disp LCD_VAL pressed 
ENTER_DT                  USES keypadoutput pressed Exit_DT 
ENTER_DT_CONT             USES LCD_CUR INPUT disp_loc LCD_VAL 
DT_CONT                   USES LCD_CUR 
DATE                      USES DATE_SET LCD_CUR You_Entered DATE_disp 
                                keypadoutput CORRECT_SUBMENU EXIT display_DATE_TIME_SET 
                                TIME_disp LCD_VAL ENTER_DT 
TIME                      USES TIME_SET LCD_CUR You_Entered TIME_disp 
                                keypadoutput CORRECT_SUBMENU EXIT display_DATE_TIME_SET 
                                DATE_disp LCD_VAL ENTER_DT 
Exit_DT                   USES TIME_VAL DATE_VAL 
NO_EXIT_DT                USES INFO_MENU_6 DATE_TIME 
ADMIN                     USES ADMIN_SET LCD_CUR You_Entered disp_ADMIN 
                                keypadoutput 
SECRET_1                  USES SECRET_SET_1 LCD_CUR You_Entered 
                                disp_SECRET_ID_1 disp_SECRET_PASS_1 keypadoutput 
SECRET_2                  USES SECRET_SET_2 LCD_CUR You_Entered 
                                disp_SECRET_ID_2 disp_SECRET_PASS_2 keypadoutput 
SECRET_3                  USES SECRET_SET_3 LCD_CUR You_Entered 
                                disp_SECRET_ID_3 disp_SECRET_PASS_3 keypadoutput 
MAIN_MENU                 USES MAIN_MENU_SETUP LCD_CUR TIME_disp DATE_disp 
                                currentfloor disp NEXT_FLOOR display_string 
SYS_SETTINGS              USES INFO_MENU_4 SYS_SET_MAIN_MEN_1 LCD_CUR LCD_VAL 
SYS_SET_1                 USES keypadoutput pressed LCD_CUR SYS_SET_MAIN_MEN_2 
                                SYS_SET_2 
SYS_SET_1_CONT            USES pressed LCD_CUR INPUT disp_loc LCD_VAL 
SYS_SET_SEL_1a            USES LCD_CUR DATE_TIME SYS_SET_MAIN_MEN_1 LCD_VAL 
                                disp_loc SYS_SET_1 
SYS_SET_SEL_1b            USES ADMIN SYS_SET_MAIN_MEN_1 LCD_CUR LCD_VAL disp 
                                disp_loc SYS_SET_1 
SYS_SET_2                 USES keypadoutput pressed LCD_CUR SYS_SET_MAIN_MEN_1 
                                SYS_SET_1 
SYS_SET_2_CONT            USES LCD_CUR INPUT disp_loc LCD_VAL 
SEC_SEL                   USES secret_sel_menu keypadoutput pressed SECRET_1 
SEC_SEL_2                 USES SECRET_2 
SEC_SEL_3                 USES SECRET_3 
SEC_SEL_DONE              USES SYS_SET_MAIN_MEN_2 LCD_CUR LCD_VAL disp_loc 
                                SYS_SET_2 
INPUT                     USES LCD_CUR pressed 
DOWN                      USES LCD_CUR 
keypad                    USES comparepressedvalue port_s looop1 pressed 
looop1                    USES SEQ 
next                      USES port_u Delay port_p 
held_P                    USES port_p 
next_1                    USES comparepressedvalue var1 
redo                      USES comparepressedvalue 
keypadoutput              USES pressed keypad 
held                      USES port_u 
pressedf                  USES pressed flag ADMIN_CHECK SYS_SETTINGS 
pressedf_done             USES flag 
LED                       USES port_s direction flag blink_sequence 
Delay                     USES LED_flag port_s LED_delay 
going_up_leds             USES LED_flag is_open_or_closed state_of_load 
                                stateofelevator currentfloor 
up_sec                    USES stateofelevator port_s currentfloor floor 
going_down_leds           USES LED_flag floor 
skip_reset                USES is_open_or_closed state_of_load stateofelevator 
                                currentfloor 
down_sec                  USES stateofelevator port_s currentfloor floor 
shared_code               USES direction state_of_load 
disp_loc                  USES LCD_CUR LCD_VAL disp disp_loc_end 
disp_1                    USES LCD_VAL disp disp_loc_end 
disp_2                    USES LCD_VAL disp disp_loc_end 
disp_3                    USES LCD_VAL disp disp_loc_end 
disp_4                    USES LCD_VAL disp disp_loc_end 
disp_5                    USES LCD_VAL disp disp_loc_end 
disp_6                    USES LCD_VAL disp disp_loc_end 
disp_7                    USES LCD_VAL disp disp_loc_end 
disp_8                    USES LCD_VAL disp disp_loc_end 
disp_9                    USES LCD_VAL disp disp_loc_end 
disp_10                   USES LCD_VAL disp disp_loc_end 
disp_11                   USES LCD_VAL disp disp_loc_end 
disp_12                   USES LCD_VAL disp disp_loc_end 
disp_13                   USES LCD_VAL disp disp_loc_end 
disp_14                   USES LCD_VAL disp disp_loc_end 
disp_15                   USES LCD_VAL disp disp_loc_end 
disp_16                   USES LCD_VAL disp disp_loc_end 
disp_17                   USES LCD_VAL disp disp_loc_end 
disp_18                   USES LCD_VAL disp disp_loc_end 
disp_19                   USES LCD_VAL disp disp_loc_end 
disp_20                   USES LCD_VAL disp disp_loc_end 
disp_21                   USES LCD_VAL disp disp_loc_end 
disp_22                   USES LCD_VAL disp disp_loc_end 
disp_23                   USES LCD_VAL disp disp_loc_end 
disp_24                   USES LCD_VAL disp disp_loc_end 
disp_25                   USES LCD_VAL disp disp_loc_end 
disp_26                   USES LCD_VAL disp disp_loc_end 
disp_27                   USES LCD_VAL disp disp_loc_end 
disp_28                   USES LCD_VAL disp 
disp_29                   USES LCD_VAL disp 
disp_30                   USES LCD_VAL disp 
disp_31                   USES LCD_VAL disp 
disp_loc_end              USES disp display_string 
TIME_SET                  USES TIME_SUBMENU TIME_VAL pressed 
TIME_IN                   USES keypadoutput pressed INPUT LCD_VAL LCD_CUR 
TC_2                      USES LCD_CUR TIME_IN 
TC_4                      USES pressed TIME_IN 
TC_5                      USES TIME_VAL pressed TIME_IN 
TC_6                      USES pressed TIME_IN_CONF 
TC_END                    USES TIME_IN 
AM_PM                     USES keypadoutput pressed display_DATE_TIME_SET 
PM                        USES display_DATE_TIME_SET 
TIME_IN_CONF              USES disp_loc pressed LCD_CUR TIME_IN 
DATE_SET                  USES DATE_SUBMENU DATE_VAL pressed 
DATE_IN                   USES keypadoutput pressed INPUT LCD_VAL LCD_CUR 
                                DATE_IN 
DATE_CON_2                USES LCD_CUR DATE_IN 
DATE_CON_3                USES LCD_CUR DATE_IN 
DATE_CON_4                USES pressed DATE_IN 
DATE_CON_5                USES DATE_VAL pressed DATE_IN 
DATE_CON_6                USES pressed DATE_IN 
DATE_CON_7                USES DATE_VAL pressed DATE_IN 
DATE_CON_7b               USES DATE_VAL pressed DATE_IN 
DATE_CON_8                USES display_DATE_TIME_SET 
DATE_IN_CONF              USES disp_loc pressed LCD_CUR DATE_IN 
TIME_disp                 USES TIME_VAL LCD_CUR 
TIME_disp_L               USES LCD_VAL disp_loc LCD_CUR 
DATE_disp                 USES DATE_VAL LCD_CUR 
DATE_disp_L               USES LCD_VAL disp_loc LCD_CUR 
ADMIN_SET                 USES ADMIN_MENU_SETUP ADMIN_PASS LCD_CUR 
ADMIN_PASS_SET            USES keypadoutput pressed INPUT LCD_VAL LCD_CUR 
ADMIN_PASS_CONF           USES disp_loc pressed LCD_CUR 
disp_ADMIN                USES ADMIN_PASS LCD_CUR 
ADMIN_disp_L              USES LCD_VAL disp_loc LCD_CUR 
ADMIN_CHECK               USES ADMIN_MENU_SETUP LCD_CUR LCD_VAL ADMIN_PASS 
ADMIN_CHECK_L             USES keypadoutput pressed LCD_CUR disp_loc 
                                CORRECT_ADM_PASS 
INVALID_AD                USES INCORRECT_INPUT 
ADMIN_CHECK_ERROR         USES ADMIN_MENU_ERROR LCD_CUR LCD_VAL ADMIN_PASS 
ADMIN_CHECK_L_E           USES keypadoutput pressed LCD_CUR disp_loc 
SECRET_SET_1              USES SECRET_MENU_SETUP SECRET_ID_1 pressed LCD_CUR 
SECRET_ID_SET_1           USES keypadoutput pressed INPUT LCD_VAL LCD_CUR 
SECRET_ID_CON_2_1         USES LCD_CUR pressed SECRET_PASS_1 
SECRET_ID_CONF_1          USES disp_loc pressed LCD_CUR 
SECRET_PASS_SET_1         USES keypadoutput pressed INPUT LCD_VAL LCD_CUR 
SECRET_PASS_CON_2_1       USES LCD_VAL LCD_CUR 
SECRET_PASS_CONF_1        USES disp_loc pressed LCD_CUR 
disp_SECRET_ID_1          USES SECRET_ID_1 LCD_CUR 
SECRET_disp_L1_1          USES LCD_VAL disp_loc LCD_CUR 
disp_SECRET_PASS_1        USES LCD_CUR SECRET_PASS_1 
SECRET_disp_L2_1          USES LCD_VAL disp_loc LCD_CUR 
SECRET_SET_2              USES SECRET_MENU_SETUP SECRET_ID_2 pressed LCD_CUR 
SECRET_ID_SET_2           USES keypadoutput pressed INPUT LCD_VAL LCD_CUR 
SECRET_ID_CON_2_2         USES LCD_CUR pressed SECRET_PASS_2 
SECRET_ID_CONF_2          USES disp_loc pressed LCD_CUR 
SECRET_PASS_SET_2         USES keypadoutput pressed INPUT LCD_VAL LCD_CUR 
SECRET_PASS_CON_2_2       USES LCD_VAL LCD_CUR 
SECRET_PASS_CONF_2        USES disp_loc pressed LCD_CUR 
disp_SECRET_ID_2          USES SECRET_ID_2 LCD_CUR 
SECRET_disp_L1_2          USES LCD_VAL disp_loc LCD_CUR 
disp_SECRET_PASS_2        USES LCD_CUR SECRET_PASS_2 
SECRET_disp_L2_2          USES LCD_VAL disp_loc LCD_CUR 
SECRET_SET_3              USES SECRET_MENU_SETUP SECRET_ID_3 pressed LCD_CUR 
SECRET_ID_SET_3           USES keypadoutput pressed INPUT LCD_VAL LCD_CUR 
SECRET_ID_CON_2_3         USES LCD_CUR pressed SECRET_PASS_3 
SECRET_ID_CONF_3          USES disp_loc pressed LCD_CUR 
SECRET_PASS_SET_3         USES keypadoutput pressed INPUT LCD_VAL LCD_CUR 
SECRET_PASS_CON_2_3       USES LCD_VAL LCD_CUR 
SECRET_PASS_CONF_3        USES disp_loc pressed LCD_CUR 
disp_SECRET_ID_3          USES SECRET_ID_3 LCD_CUR 
SECRET_disp_L1_3          USES LCD_VAL disp_loc LCD_CUR 
disp_SECRET_PASS_3        USES LCD_CUR SECRET_PASS_3 
SECRET_disp_L2_3          USES LCD_VAL disp_loc LCD_CUR 
MAIN_MENU_SETUP           USES disp display_string 
display_DATE_TIME_SET     USES LCD_CUR LCD_VAL disp display_string 
ADMIN_MENU_SETUP          USES LCD_CUR disp display_string 
SECRET_MENU_SETUP         USES disp display_string 
Floor_SEL_MENU            USES disp display_string 
NEXT_FLOOR_MENU           USES disp display_string 
ADMIN_MENU_ERROR          USES disp display_string 
SYS_SET_MAIN_MEN_1        USES disp display_string 
SYS_SET_MAIN_MEN_2        USES disp display_string 
TIME_SUBMENU              USES LCD_CUR disp display_string 
DATE_SUBMENU              USES LCD_CUR disp display_string 
SECRET_ID_SUBMENU         USES disp display_string 
SECRET_PASS_SUBMENU       USES disp display_string 
CORRECT_SUBMENU           USES disp display_string 
Answer                    USES keypadoutput pressed 
You_Entered               USES disp 
EXIT                      USES LCD_CUR disp display_string 
Answer_E                  USES keypadoutput pressed 
CORRECT_ADM_PASS          USES disp display_string keypadoutput 
INCORRECT_INPUT           USES disp display_string keypadoutput 
ERROR_DOOR                USES disp display_string 
FLOOR_ENTRY               USES disp display_string 
FLOOR_DEST                USES WAIT CARRY disp display_string 
Down_WAIT                 USES CARRY 
Go_Up                     USES flag disp display_string keypadoutput 
Go_Down                   USES disp display_string 
secret_sel_menu           USES disp display_string 
INITIALIZE_PORTS          USES init_LCD WAIT CARRY stateofelevator NEXT_FLOOR 
                                Count_1 Count_2 TIME_VAL DATE_VAL ADMIN_PASS floor 
                                state_of_load stepper_flag LED_flag LED_delay stepper_delay 
                                currentfloor did_play should_led flag max_value_of_pot 
                                direction CRGINT RTICTL 
pot_meter                 USES flag 
getpotentiometer          USES potentiometer press ton 
hitloop                   USES cpudelay ton 
interruptdelay            USES press toff DC_flag cpudelay 
potentiometer             USES read_pot pot_value max_value_of_pot press 
                                was_open_or_closed is_open_or_closed 
is_FF                     USES press was_open_or_closed is_open_or_closed 
show_main_menu            USES MAIN_MENU is_open_or_closed was_open_or_closed 
show_error_message        USES ERROR_DOOR is_open_or_closed was_open_or_closed 
is_zero                   USES press is_open_or_closed 
cpudelay                  USES DC_flag 
INFO_MENU_1               USES WAIT disp display_string 
IM1_WAIT                  USES CARRY WAIT 
INFO_MENU_2               USES WAIT disp display_string 
IM2_WAIT                  USES CARRY WAIT 
INFO_MENU_3               USES WAIT disp display_string 
IM3_WAIT                  USES CARRY WAIT 
INFO_MENU_4               USES WAIT CARRY disp display_string 
IM4_WAIT                  USES CARRY WAIT 
INFO_MENU_5               USES WAIT disp display_string 
IM5_WAIT                  USES CARRY WAIT 
INFO_MENU_6               USES WAIT disp display_string 
IM6_WAIT                  USES CARRY WAIT 
stepper_motor             USES direction is_open_or_closed flag 
Delay                     USES stepper_flag 
again                     USES port_p stepper_flag 
increment                 USES should_led 
led_blink                 USES LED should_led 
clock                     USES clockwise_seq 
counter                   USES counterclockwise_seq 
speaker                   USES did_play flag number_in_sound_seq to_play seq_1 
compare_2                 USES seq_2 
compare_3                 USES seq_3 
compare_4                 USES seq_4 
compare_5                 USES seq_5 
cont                      USES number_in_sound_seq flag sound_flag SendsChr 
                                PlayTone done_playing 
reset_this                USES number_in_sound_seq did_play 
ELEVATOR_FLOOR            USES pressed currentfloor 
ELEVATOR_FLOOR_CONT       USES floor Floor_Entered Floor_SEL_MENU LCD_CUR 
                                LCD_VAL disp_loc keypadoutput pressed 
EF_CONT                   USES currentfloor floor 
Going_Up                  USES direction flag stepper_flag 
Going_Down                USES direction flag stepper_flag 

*********************************************************************************************
DEPENDENCY TREE
*********************************************************************************************
 _Startup            
 | 
 +- INITIALIZE_PORTS    
 |  | 
 |  +- init_LCD            
 |     | 
 |     +- delay_ms            
 |     |    
 |     +- sendCommand         
 |     |  | 
 |     |  +- epulse              
 |     |     | 
 |     |     +- delay_ms             (see above)
 |     |        
 |     +- epulse               (see above)
 |        
 +- speaker             
 |  | 
 |  +- seq_1               
 |       
 +- MAIN_MENU           
    | 
    +- MAIN_MENU_SETUP     
    |  | 
    |  +- display_string      
    |     | 
    |     +- sendCommand          (see above)
    |     |  
    |     +- epulse               (see above)
    |        
    +- TIME_disp           
    |    
    +- DATE_disp           
    |    
    +- display_string       (see above)
       
 TIME_INT            
   
*********************************************************************************************
STATISTIC SECTION
---------------------------------------------------------------------------------------------

ExeFile:
--------
Number of blocks to be downloaded: 18
Total size of all blocks to be downloaded: 10192

